// Jest Snapshot v1, https://goo.gl/fbAQLP

exports[`renders Timeline correctly 1`] = `
.c0 {
  margin: unset;
  padding: unset;
  border: unset;
  background: unset;
  font: unset;
  font-family: inherit;
  font-size: 100%;
  box-sizing: border-box;
  background-color: unset;
  color: inherit;
}

.c5 {
  margin: unset;
  padding: unset;
  border: unset;
  background: unset;
  font: unset;
  font-family: inherit;
  font-size: 100%;
  box-sizing: border-box;
  background-color: unset;
  color: inherit;
  font-weight: 600 !important;
}

.c4:not(:last-child) {
  margin: 0 0 1rem;
}

.c4 .c7 {
  top: 0.1em;
}

.c1 {
  display: -webkit-box;
  display: -webkit-flex;
  display: -ms-flexbox;
  display: flex;
  position: relative;
}

.c1:last-child {
  margin-bottom: 0;
}

.c1::before {
  content: '';
  border: 1px solid #d9dee2;
  position: absolute;
  height: 100%;
  left: 0.25rem;
  margin-top: 1.25rem;
}

.c1:last-child::before {
  border: 0;
}

.c2 {
  background-color: #d9dee2;
  border-radius: 50%;
  display: -webkit-inline-box;
  display: -webkit-inline-flex;
  display: -ms-inline-flexbox;
  display: inline-flex;
  height: 0.625rem;
  width: 0.625rem;
  margin-top: 1rem;
  margin-right: 0.5rem;
  z-index: 1;
}

.c3 {
  margin-top: 0.6rem;
  margin-bottom: 0.6rem;
  line-height: 1.5rem;
  color: #435a6f;
}

.c3:not(:last-child) {
  margin-top: 0.6rem;
  margin-bottom: 0.6rem;
}

.c6 {
  color: #435a6f;
}

<div>
  <div
    class="c0"
  >
    <div
      aria-describedby="StepDetail1"
      aria-labelledby="StepHeading1"
      class="c1 c0"
    >
      <span
        class="c2"
      />
      <div
        aria-describedby="StepDetail1"
        aria-labelledby="StepHeading1"
        class="c0"
      >
        <p
          class="c3 c4 c5"
          font-weight="semibold"
          id="StepHeading1"
          style="font-weight: semibold;"
        >
          Step one Heading
        </p>
        <p
          class="c6 c4 c0"
          id="StepDetail1"
        >
          Step one details goes here
        </p>
      </div>
    </div>
    <div
      aria-describedby="StepDetail2"
      aria-labelledby="StepHeading2"
      class="c1 c0"
    >
      <span
        class="c2"
      />
      <div
        aria-describedby="StepDetail2"
        aria-labelledby="StepHeading2"
        class="c0"
      >
        <p
          class="c3 c4 c5"
          font-weight="semibold"
          id="StepHeading2"
          style="font-weight: semibold;"
        >
          Step two Heading
        </p>
        <p
          class="c6 c4 c0"
          id="StepDetail2"
        >
          Step two details goes here
        </p>
      </div>
    </div>
    <div
      aria-describedby="StepDetail3"
      aria-labelledby="StepHeading3"
      class="c1 c0"
    >
      <span
        class="c2"
      />
      <div
        aria-describedby="StepDetail3"
        aria-labelledby="StepHeading3"
        class="c0"
      >
        <p
          class="c3 c4 c5"
          font-weight="semibold"
          id="StepHeading3"
          style="font-weight: semibold;"
        >
          Step three Heading
        </p>
        <p
          class="c6 c4 c0"
          id="StepDetail3"
        >
          Step three details goes here
        </p>
      </div>
    </div>
  </div>
</div>
`;
